## Properties

| Property | Type                             | Required | Constraints                          | Description |
|----------|----------------------------------|----------|--------------------------------------|-------------|
| `five`   | string[], string, or null        | No       |                                      |             |
| `four`   | [object](#four), string, or null | No       |                                      |             |
| `one`    | string                           | No       | Enum: [`auto`]                       |             |
| `six`    | string[] or [object](#six)       | No       |                                      |             |
| `three`  | string, boolean, or number       | No       | Enum: [`auto`, `true`, `false`, `1`] |             |
| `two`    | string or boolean                | No       | Enum: [`auto`, `true`, `false`]      |             |

## four

### Properties

| Property | Type     | Required | Constraints | Description |
|----------|----------|----------|-------------|-------------|
| `fruits` | string[] | No       |             |             |


## six

### Properties

| Property | Type     | Required | Constraints | Description |
|----------|----------|----------|-------------|-------------|
| `fruits` | string[] | No       |             |             |



